Analysis & Synthesis report for Exercise3
Mon Apr 12 18:50:36 2021
Quartus Prime Version 18.1.0 Build 625 09/12/2018 SJ Lite Edition


---------------------
; Table of Contents ;
---------------------
  1. Legal Notice
  2. Analysis & Synthesis Summary
  3. Analysis & Synthesis Settings
  4. Parallel Compilation
  5. Analysis & Synthesis Source Files Read
  6. Analysis & Synthesis Resource Usage Summary
  7. Analysis & Synthesis Resource Utilization by Entity
  8. General Register Statistics
  9. Multiplexer Restructuring Statistics (Restructuring Performed)
 10. Parameter Settings for User Entity Instance: Synchroniser:s
 11. Parameter Settings for User Entity Instance: EdgeDetectors:e
 12. Parameter Settings for Inferred Entity Instance: MyFSM:FSM|lpm_divide:Mod0
 13. Post-Synthesis Netlist Statistics for Top Partition
 14. Elapsed Time Per Partition
 15. Analysis & Synthesis Messages



----------------
; Legal Notice ;
----------------
Copyright (C) 2018  Intel Corporation. All rights reserved.
Your use of Intel Corporation's design tools, logic functions 
and other software and tools, and its AMPP partner logic 
functions, and any output files from any of the foregoing 
(including device programming or simulation files), and any 
associated documentation or information are expressly subject 
to the terms and conditions of the Intel Program License 
Subscription Agreement, the Intel Quartus Prime License Agreement,
the Intel FPGA IP License Agreement, or other applicable license
agreement, including, without limitation, that your use is for
the sole purpose of programming logic devices manufactured by
Intel and sold by Intel or its authorized distributors.  Please
refer to the applicable agreement for further details.



+-------------------------------------------------------------------------------+
; Analysis & Synthesis Summary                                                  ;
+---------------------------------+---------------------------------------------+
; Analysis & Synthesis Status     ; Successful - Mon Apr 12 18:50:36 2021       ;
; Quartus Prime Version           ; 18.1.0 Build 625 09/12/2018 SJ Lite Edition ;
; Revision Name                   ; Exercise3                                   ;
; Top-level Entity Name           ; MyLock                                      ;
; Family                          ; Cyclone V                                   ;
; Logic utilization (in ALMs)     ; N/A                                         ;
; Total registers                 ; 14                                          ;
; Total pins                      ; 6                                           ;
; Total virtual pins              ; 0                                           ;
; Total block memory bits         ; 0                                           ;
; Total DSP Blocks                ; 0                                           ;
; Total HSSI RX PCSs              ; 0                                           ;
; Total HSSI PMA RX Deserializers ; 0                                           ;
; Total HSSI TX PCSs              ; 0                                           ;
; Total HSSI PMA TX Serializers   ; 0                                           ;
; Total PLLs                      ; 0                                           ;
; Total DLLs                      ; 0                                           ;
+---------------------------------+---------------------------------------------+


+---------------------------------------------------------------------------------------------------------------------------+
; Analysis & Synthesis Settings                                                                                             ;
+---------------------------------------------------------------------------------+--------------------+--------------------+
; Option                                                                          ; Setting            ; Default Value      ;
+---------------------------------------------------------------------------------+--------------------+--------------------+
; Device                                                                          ; 5CSEMA5F31C6       ;                    ;
; Top-level entity name                                                           ; MyLock             ; Exercise3          ;
; Family name                                                                     ; Cyclone V          ; Cyclone V          ;
; Use smart compilation                                                           ; Off                ; Off                ;
; Enable parallel Assembler and Timing Analyzer during compilation                ; On                 ; On                 ;
; Enable compact report table                                                     ; Off                ; Off                ;
; Restructure Multiplexers                                                        ; Auto               ; Auto               ;
; MLAB Add Timing Constraints For Mixed-Port Feed-Through Mode Setting Don't Care ; Off                ; Off                ;
; Create Debugging Nodes for IP Cores                                             ; Off                ; Off                ;
; Preserve fewer node names                                                       ; On                 ; On                 ;
; Intel FPGA IP Evaluation Mode                                                   ; Enable             ; Enable             ;
; Verilog Version                                                                 ; Verilog_2001       ; Verilog_2001       ;
; VHDL Version                                                                    ; VHDL_1993          ; VHDL_1993          ;
; State Machine Processing                                                        ; Auto               ; Auto               ;
; Safe State Machine                                                              ; Off                ; Off                ;
; Extract Verilog State Machines                                                  ; On                 ; On                 ;
; Extract VHDL State Machines                                                     ; On                 ; On                 ;
; Ignore Verilog initial constructs                                               ; Off                ; Off                ;
; Iteration limit for constant Verilog loops                                      ; 5000               ; 5000               ;
; Iteration limit for non-constant Verilog loops                                  ; 250                ; 250                ;
; Add Pass-Through Logic to Inferred RAMs                                         ; On                 ; On                 ;
; Infer RAMs from Raw Logic                                                       ; On                 ; On                 ;
; Parallel Synthesis                                                              ; On                 ; On                 ;
; DSP Block Balancing                                                             ; Auto               ; Auto               ;
; NOT Gate Push-Back                                                              ; On                 ; On                 ;
; Power-Up Don't Care                                                             ; On                 ; On                 ;
; Remove Redundant Logic Cells                                                    ; Off                ; Off                ;
; Remove Duplicate Registers                                                      ; On                 ; On                 ;
; Ignore CARRY Buffers                                                            ; Off                ; Off                ;
; Ignore CASCADE Buffers                                                          ; Off                ; Off                ;
; Ignore GLOBAL Buffers                                                           ; Off                ; Off                ;
; Ignore ROW GLOBAL Buffers                                                       ; Off                ; Off                ;
; Ignore LCELL Buffers                                                            ; Off                ; Off                ;
; Ignore SOFT Buffers                                                             ; On                 ; On                 ;
; Limit AHDL Integers to 32 Bits                                                  ; Off                ; Off                ;
; Optimization Technique                                                          ; Balanced           ; Balanced           ;
; Carry Chain Length                                                              ; 70                 ; 70                 ;
; Auto Carry Chains                                                               ; On                 ; On                 ;
; Auto Open-Drain Pins                                                            ; On                 ; On                 ;
; Perform WYSIWYG Primitive Resynthesis                                           ; Off                ; Off                ;
; Auto ROM Replacement                                                            ; On                 ; On                 ;
; Auto RAM Replacement                                                            ; On                 ; On                 ;
; Auto DSP Block Replacement                                                      ; On                 ; On                 ;
; Auto Shift Register Replacement                                                 ; Auto               ; Auto               ;
; Allow Shift Register Merging across Hierarchies                                 ; Auto               ; Auto               ;
; Auto Clock Enable Replacement                                                   ; On                 ; On                 ;
; Strict RAM Replacement                                                          ; Off                ; Off                ;
; Allow Synchronous Control Signals                                               ; On                 ; On                 ;
; Force Use of Synchronous Clear Signals                                          ; Off                ; Off                ;
; Auto Resource Sharing                                                           ; Off                ; Off                ;
; Allow Any RAM Size For Recognition                                              ; Off                ; Off                ;
; Allow Any ROM Size For Recognition                                              ; Off                ; Off                ;
; Allow Any Shift Register Size For Recognition                                   ; Off                ; Off                ;
; Use LogicLock Constraints during Resource Balancing                             ; On                 ; On                 ;
; Ignore translate_off and synthesis_off directives                               ; Off                ; Off                ;
; Timing-Driven Synthesis                                                         ; On                 ; On                 ;
; Report Parameter Settings                                                       ; On                 ; On                 ;
; Report Source Assignments                                                       ; On                 ; On                 ;
; Report Connectivity Checks                                                      ; On                 ; On                 ;
; Ignore Maximum Fan-Out Assignments                                              ; Off                ; Off                ;
; Synchronization Register Chain Length                                           ; 3                  ; 3                  ;
; Power Optimization During Synthesis                                             ; Normal compilation ; Normal compilation ;
; HDL message level                                                               ; Level2             ; Level2             ;
; Suppress Register Optimization Related Messages                                 ; Off                ; Off                ;
; Number of Removed Registers Reported in Synthesis Report                        ; 5000               ; 5000               ;
; Number of Swept Nodes Reported in Synthesis Report                              ; 5000               ; 5000               ;
; Number of Inverted Registers Reported in Synthesis Report                       ; 100                ; 100                ;
; Clock MUX Protection                                                            ; On                 ; On                 ;
; Auto Gated Clock Conversion                                                     ; Off                ; Off                ;
; Block Design Naming                                                             ; Auto               ; Auto               ;
; SDC constraint protection                                                       ; Off                ; Off                ;
; Synthesis Effort                                                                ; Auto               ; Auto               ;
; Shift Register Replacement - Allow Asynchronous Clear Signal                    ; On                 ; On                 ;
; Pre-Mapping Resynthesis Optimization                                            ; Off                ; Off                ;
; Analysis & Synthesis Message Level                                              ; Medium             ; Medium             ;
; Disable Register Merging Across Hierarchies                                     ; Auto               ; Auto               ;
; Resource Aware Inference For Block RAM                                          ; On                 ; On                 ;
; Automatic Parallel Synthesis                                                    ; On                 ; On                 ;
; Partial Reconfiguration Bitstream ID                                            ; Off                ; Off                ;
+---------------------------------------------------------------------------------+--------------------+--------------------+


+------------------------------------------+
; Parallel Compilation                     ;
+----------------------------+-------------+
; Processors                 ; Number      ;
+----------------------------+-------------+
; Number detected on machine ; 12          ;
; Maximum allowed            ; 6           ;
;                            ;             ;
; Average used               ; 1.00        ;
; Maximum used               ; 6           ;
;                            ;             ;
; Usage by Processor         ; % Time Used ;
;     Processor 1            ; 100.0%      ;
;     Processors 2-6         ;   0.0%      ;
+----------------------------+-------------+


+---------------------------------------------------------------------------------------------------------------------------------------------------------------------------------------+
; Analysis & Synthesis Source Files Read                                                                                                                                                ;
+----------------------------------+-----------------+------------------------------+-----------------------------------------------------------------------------------------+---------+
; File Name with User-Entered Path ; Used in Netlist ; File Type                    ; File Name with Absolute Path                                                            ; Library ;
+----------------------------------+-----------------+------------------------------+-----------------------------------------------------------------------------------------+---------+
; Exercise3.v                      ; yes             ; User Verilog HDL File        ; C:/Users/cassi/Desktop/verilog code/WS5/Exercise3/Exercise3.v                           ;         ;
; lpm_divide.tdf                   ; yes             ; Megafunction                 ; d:/downloads(d)/quartus/quartuslite/quartus/libraries/megafunctions/lpm_divide.tdf      ;         ;
; abs_divider.inc                  ; yes             ; Megafunction                 ; d:/downloads(d)/quartus/quartuslite/quartus/libraries/megafunctions/abs_divider.inc     ;         ;
; sign_div_unsign.inc              ; yes             ; Megafunction                 ; d:/downloads(d)/quartus/quartuslite/quartus/libraries/megafunctions/sign_div_unsign.inc ;         ;
; aglobal181.inc                   ; yes             ; Megafunction                 ; d:/downloads(d)/quartus/quartuslite/quartus/libraries/megafunctions/aglobal181.inc      ;         ;
; db/lpm_divide_22m.tdf            ; yes             ; Auto-Generated Megafunction  ; C:/Users/cassi/Desktop/verilog code/WS5/Exercise3/db/lpm_divide_22m.tdf                 ;         ;
; db/sign_div_unsign_5kh.tdf       ; yes             ; Auto-Generated Megafunction  ; C:/Users/cassi/Desktop/verilog code/WS5/Exercise3/db/sign_div_unsign_5kh.tdf            ;         ;
; db/alt_u_div_gse.tdf             ; yes             ; Auto-Generated Megafunction  ; C:/Users/cassi/Desktop/verilog code/WS5/Exercise3/db/alt_u_div_gse.tdf                  ;         ;
+----------------------------------+-----------------+------------------------------+-----------------------------------------------------------------------------------------+---------+


+---------------------------------------------------------+
; Analysis & Synthesis Resource Usage Summary             ;
+---------------------------------------------+-----------+
; Resource                                    ; Usage     ;
+---------------------------------------------+-----------+
; Estimate of Logic utilization (ALMs needed) ; 16        ;
;                                             ;           ;
; Combinational ALUT usage for logic          ; 20        ;
;     -- 7 input functions                    ; 1         ;
;     -- 6 input functions                    ; 9         ;
;     -- 5 input functions                    ; 2         ;
;     -- 4 input functions                    ; 2         ;
;     -- <=3 input functions                  ; 6         ;
;                                             ;           ;
; Dedicated logic registers                   ; 14        ;
;                                             ;           ;
; I/O pins                                    ; 6         ;
;                                             ;           ;
; Total DSP Blocks                            ; 0         ;
;                                             ;           ;
; Maximum fan-out node                        ; clk~input ;
; Maximum fan-out                             ; 14        ;
; Total fan-out                               ; 128       ;
; Average fan-out                             ; 2.78      ;
+---------------------------------------------+-----------+


+-------------------------------------------------------------------------------------------------------------------------------------------------------------------------------------------------------------------------------------------------------------------------------------------------------------+
; Analysis & Synthesis Resource Utilization by Entity                                                                                                                                                                                                                                                         ;
+-------------------------------------------+---------------------+---------------------------+-------------------+------------+------+--------------+-------------------------------------------------------------------------------------------------------------------+---------------------+--------------+
; Compilation Hierarchy Node                ; Combinational ALUTs ; Dedicated Logic Registers ; Block Memory Bits ; DSP Blocks ; Pins ; Virtual Pins ; Full Hierarchy Name                                                                                               ; Entity Name         ; Library Name ;
+-------------------------------------------+---------------------+---------------------------+-------------------+------------+------+--------------+-------------------------------------------------------------------------------------------------------------------+---------------------+--------------+
; |MyLock                                   ; 20 (0)              ; 14 (0)                    ; 0                 ; 0          ; 6    ; 0            ; |MyLock                                                                                                           ; MyLock              ; work         ;
;    |EdgeDetectors:e|                      ; 0 (0)               ; 3 (0)                     ; 0                 ; 0          ; 0    ; 0            ; |MyLock|EdgeDetectors:e                                                                                           ; EdgeDetectors       ; work         ;
;       |EdgeDetector:EdgeD[0].ED|          ; 0 (0)               ; 1 (1)                     ; 0                 ; 0          ; 0    ; 0            ; |MyLock|EdgeDetectors:e|EdgeDetector:EdgeD[0].ED                                                                  ; EdgeDetector        ; work         ;
;       |EdgeDetector:EdgeD[1].ED|          ; 0 (0)               ; 1 (1)                     ; 0                 ; 0          ; 0    ; 0            ; |MyLock|EdgeDetectors:e|EdgeDetector:EdgeD[1].ED                                                                  ; EdgeDetector        ; work         ;
;       |EdgeDetector:EdgeD[2].ED|          ; 0 (0)               ; 1 (1)                     ; 0                 ; 0          ; 0    ; 0            ; |MyLock|EdgeDetectors:e|EdgeDetector:EdgeD[2].ED                                                                  ; EdgeDetector        ; work         ;
;    |MyFSM:FSM|                            ; 20 (16)             ; 3 (3)                     ; 0                 ; 0          ; 0    ; 0            ; |MyLock|MyFSM:FSM                                                                                                 ; MyFSM               ; work         ;
;       |lpm_divide:Mod0|                   ; 4 (0)               ; 0 (0)                     ; 0                 ; 0          ; 0    ; 0            ; |MyLock|MyFSM:FSM|lpm_divide:Mod0                                                                                 ; lpm_divide          ; work         ;
;          |lpm_divide_22m:auto_generated|  ; 4 (0)               ; 0 (0)                     ; 0                 ; 0          ; 0    ; 0            ; |MyLock|MyFSM:FSM|lpm_divide:Mod0|lpm_divide_22m:auto_generated                                                   ; lpm_divide_22m      ; work         ;
;             |sign_div_unsign_5kh:divider| ; 4 (0)               ; 0 (0)                     ; 0                 ; 0          ; 0    ; 0            ; |MyLock|MyFSM:FSM|lpm_divide:Mod0|lpm_divide_22m:auto_generated|sign_div_unsign_5kh:divider                       ; sign_div_unsign_5kh ; work         ;
;                |alt_u_div_gse:divider|    ; 4 (4)               ; 0 (0)                     ; 0                 ; 0          ; 0    ; 0            ; |MyLock|MyFSM:FSM|lpm_divide:Mod0|lpm_divide_22m:auto_generated|sign_div_unsign_5kh:divider|alt_u_div_gse:divider ; alt_u_div_gse       ; work         ;
;    |Synchroniser:s|                       ; 0 (0)               ; 8 (8)                     ; 0                 ; 0          ; 0    ; 0            ; |MyLock|Synchroniser:s                                                                                            ; Synchroniser        ; work         ;
+-------------------------------------------+---------------------+---------------------------+-------------------+------------+------+--------------+-------------------------------------------------------------------------------------------------------------------+---------------------+--------------+
Note: For table entries with two numbers listed, the numbers in parentheses indicate the number of resources of the given type used by the specific entity alone. The numbers listed outside of parentheses indicate the total resources of the given type used by the specific entity and all of its sub-entities in the hierarchy.


+------------------------------------------------------+
; General Register Statistics                          ;
+----------------------------------------------+-------+
; Statistic                                    ; Value ;
+----------------------------------------------+-------+
; Total registers                              ; 14    ;
; Number of registers using Synchronous Clear  ; 0     ;
; Number of registers using Synchronous Load   ; 0     ;
; Number of registers using Asynchronous Clear ; 0     ;
; Number of registers using Asynchronous Load  ; 0     ;
; Number of registers using Clock Enable       ; 0     ;
; Number of registers using Preset             ; 0     ;
+----------------------------------------------+-------+


+------------------------------------------------------------------------------------------------------------------------------------------+
; Multiplexer Restructuring Statistics (Restructuring Performed)                                                                           ;
+--------------------+-----------+---------------+----------------------+------------------------+------------+----------------------------+
; Multiplexer Inputs ; Bus Width ; Baseline Area ; Area if Restructured ; Saving if Restructured ; Registered ; Example Multiplexer Output ;
+--------------------+-----------+---------------+----------------------+------------------------+------------+----------------------------+
; 5:1                ; 2 bits    ; 6 LEs         ; 4 LEs                ; 2 LEs                  ; Yes        ; |MyLock|MyFSM:FSM|state[1] ;
+--------------------+-----------+---------------+----------------------+------------------------+------------+----------------------------+


+-------------------------------------------------------------+
; Parameter Settings for User Entity Instance: Synchroniser:s ;
+----------------+-------+------------------------------------+
; Parameter Name ; Value ; Type                               ;
+----------------+-------+------------------------------------+
; n              ; 4     ; Signed Integer                     ;
+----------------+-------+------------------------------------+
Note: In order to hide this table in the UI and the text report file, please set the "Show Parameter Settings in Synthesis Report" option in "Analysis and Synthesis Settings -> More Settings" to "Off".


+--------------------------------------------------------------+
; Parameter Settings for User Entity Instance: EdgeDetectors:e ;
+----------------+-------+-------------------------------------+
; Parameter Name ; Value ; Type                                ;
+----------------+-------+-------------------------------------+
; n              ; 3     ; Signed Integer                      ;
+----------------+-------+-------------------------------------+
Note: In order to hide this table in the UI and the text report file, please set the "Show Parameter Settings in Synthesis Report" option in "Analysis and Synthesis Settings -> More Settings" to "Off".


+----------------------------------------------------------------------------+
; Parameter Settings for Inferred Entity Instance: MyFSM:FSM|lpm_divide:Mod0 ;
+------------------------+----------------+----------------------------------+
; Parameter Name         ; Value          ; Type                             ;
+------------------------+----------------+----------------------------------+
; LPM_WIDTHN             ; 3              ; Untyped                          ;
; LPM_WIDTHD             ; 3              ; Untyped                          ;
; LPM_NREPRESENTATION    ; UNSIGNED       ; Untyped                          ;
; LPM_DREPRESENTATION    ; UNSIGNED       ; Untyped                          ;
; LPM_PIPELINE           ; 0              ; Untyped                          ;
; LPM_REMAINDERPOSITIVE  ; TRUE           ; Untyped                          ;
; MAXIMIZE_SPEED         ; 5              ; Untyped                          ;
; CBXI_PARAMETER         ; lpm_divide_22m ; Untyped                          ;
; CARRY_CHAIN            ; MANUAL         ; Untyped                          ;
; OPTIMIZE_FOR_SPEED     ; 5              ; Untyped                          ;
; AUTO_CARRY_CHAINS      ; ON             ; AUTO_CARRY                       ;
; IGNORE_CARRY_BUFFERS   ; OFF            ; IGNORE_CARRY                     ;
; AUTO_CASCADE_CHAINS    ; ON             ; AUTO_CASCADE                     ;
; IGNORE_CASCADE_BUFFERS ; OFF            ; IGNORE_CASCADE                   ;
+------------------------+----------------+----------------------------------+
Note: In order to hide this table in the UI and the text report file, please set the "Show Parameter Settings in Synthesis Report" option in "Analysis and Synthesis Settings -> More Settings" to "Off".


+-----------------------------------------------------+
; Post-Synthesis Netlist Statistics for Top Partition ;
+-----------------------+-----------------------------+
; Type                  ; Count                       ;
+-----------------------+-----------------------------+
; arriav_ff             ; 14                          ;
;     plain             ; 14                          ;
; arriav_lcell_comb     ; 20                          ;
;     extend            ; 1                           ;
;         7 data inputs ; 1                           ;
;     normal            ; 15                          ;
;         2 data inputs ; 1                           ;
;         3 data inputs ; 1                           ;
;         4 data inputs ; 2                           ;
;         5 data inputs ; 2                           ;
;         6 data inputs ; 9                           ;
;     shared            ; 4                           ;
;         0 data inputs ; 1                           ;
;         1 data inputs ; 1                           ;
;         2 data inputs ; 1                           ;
;         3 data inputs ; 1                           ;
; boundary_port         ; 6                           ;
;                       ;                             ;
; Max LUT depth         ; 4.00                        ;
; Average LUT depth     ; 2.60                        ;
+-----------------------+-----------------------------+


+-------------------------------+
; Elapsed Time Per Partition    ;
+----------------+--------------+
; Partition Name ; Elapsed Time ;
+----------------+--------------+
; Top            ; 00:00:00     ;
+----------------+--------------+


+-------------------------------+
; Analysis & Synthesis Messages ;
+-------------------------------+
Info: *******************************************************************
Info: Running Quartus Prime Analysis & Synthesis
    Info: Version 18.1.0 Build 625 09/12/2018 SJ Lite Edition
    Info: Processing started: Mon Apr 12 18:50:27 2021
Info: Command: quartus_map --read_settings_files=on --write_settings_files=off Exercise3 -c Exercise3
Warning (18236): Number of processors has not been specified which may cause overloading on shared machines.  Set the global assignment NUM_PARALLEL_PROCESSORS in your QSF to an appropriate value for best performance.
Info (20030): Parallel compilation is enabled and will use 6 of the 6 processors detected
Info (12021): Found 5 design units, including 5 entities, in source file exercise3.v
    Info (12023): Found entity 1: Synchroniser File: C:/Users/cassi/Desktop/verilog code/WS5/Exercise3/Exercise3.v Line: 1
    Info (12023): Found entity 2: EdgeDetector File: C:/Users/cassi/Desktop/verilog code/WS5/Exercise3/Exercise3.v Line: 13
    Info (12023): Found entity 3: EdgeDetectors File: C:/Users/cassi/Desktop/verilog code/WS5/Exercise3/Exercise3.v Line: 19
    Info (12023): Found entity 4: MyFSM File: C:/Users/cassi/Desktop/verilog code/WS5/Exercise3/Exercise3.v Line: 64
    Info (12023): Found entity 5: MyLock File: C:/Users/cassi/Desktop/verilog code/WS5/Exercise3/Exercise3.v Line: 106
Info (12127): Elaborating entity "MyLock" for the top level hierarchy
Info (12128): Elaborating entity "Synchroniser" for hierarchy "Synchroniser:s" File: C:/Users/cassi/Desktop/verilog code/WS5/Exercise3/Exercise3.v Line: 111
Info (12128): Elaborating entity "EdgeDetectors" for hierarchy "EdgeDetectors:e" File: C:/Users/cassi/Desktop/verilog code/WS5/Exercise3/Exercise3.v Line: 112
Info (12128): Elaborating entity "EdgeDetector" for hierarchy "EdgeDetectors:e|EdgeDetector:EdgeD[0].ED" File: C:/Users/cassi/Desktop/verilog code/WS5/Exercise3/Exercise3.v Line: 27
Info (12128): Elaborating entity "MyFSM" for hierarchy "MyFSM:FSM" File: C:/Users/cassi/Desktop/verilog code/WS5/Exercise3/Exercise3.v Line: 113
Warning (10230): Verilog HDL assignment warning at Exercise3.v(74): truncated value with size 3 to match size of target (1) File: C:/Users/cassi/Desktop/verilog code/WS5/Exercise3/Exercise3.v Line: 74
Warning (10230): Verilog HDL assignment warning at Exercise3.v(75): truncated value with size 3 to match size of target (1) File: C:/Users/cassi/Desktop/verilog code/WS5/Exercise3/Exercise3.v Line: 75
Info (278001): Inferred 1 megafunctions from design logic
    Info (278004): Inferred divider/modulo megafunction ("lpm_divide") from the following logic: "MyFSM:FSM|Mod0" File: C:/Users/cassi/Desktop/verilog code/WS5/Exercise3/Exercise3.v Line: 79
Info (12130): Elaborated megafunction instantiation "MyFSM:FSM|lpm_divide:Mod0" File: C:/Users/cassi/Desktop/verilog code/WS5/Exercise3/Exercise3.v Line: 79
Info (12133): Instantiated megafunction "MyFSM:FSM|lpm_divide:Mod0" with the following parameter: File: C:/Users/cassi/Desktop/verilog code/WS5/Exercise3/Exercise3.v Line: 79
    Info (12134): Parameter "LPM_WIDTHN" = "3"
    Info (12134): Parameter "LPM_WIDTHD" = "3"
    Info (12134): Parameter "LPM_NREPRESENTATION" = "UNSIGNED"
    Info (12134): Parameter "LPM_DREPRESENTATION" = "UNSIGNED"
Info (12021): Found 1 design units, including 1 entities, in source file db/lpm_divide_22m.tdf
    Info (12023): Found entity 1: lpm_divide_22m File: C:/Users/cassi/Desktop/verilog code/WS5/Exercise3/db/lpm_divide_22m.tdf Line: 24
Info (12021): Found 1 design units, including 1 entities, in source file db/sign_div_unsign_5kh.tdf
    Info (12023): Found entity 1: sign_div_unsign_5kh File: C:/Users/cassi/Desktop/verilog code/WS5/Exercise3/db/sign_div_unsign_5kh.tdf Line: 24
Info (12021): Found 1 design units, including 1 entities, in source file db/alt_u_div_gse.tdf
    Info (12023): Found entity 1: alt_u_div_gse File: C:/Users/cassi/Desktop/verilog code/WS5/Exercise3/db/alt_u_div_gse.tdf Line: 22
Info (286030): Timing-Driven Synthesis is running
Info (16010): Generating hard_block partition "hard_block:auto_generated_inst"
    Info (16011): Adding 0 node(s), including 0 DDIO, 0 PLL, 0 transceiver and 0 LCELL
Info (21057): Implemented 37 device resources after synthesis - the final resource count might be different
    Info (21058): Implemented 5 input pins
    Info (21059): Implemented 1 output pins
    Info (21061): Implemented 31 logic cells
Info: Quartus Prime Analysis & Synthesis was successful. 0 errors, 3 warnings
    Info: Peak virtual memory: 4854 megabytes
    Info: Processing ended: Mon Apr 12 18:50:36 2021
    Info: Elapsed time: 00:00:09
    Info: Total CPU time (on all processors): 00:00:19


